aaa
bbbb
cccc
